Testing dynamic crawl for http://example.com
Running S0 (Baseline) for example.com...
Running S1 (Reject) for example.com...
Running S2 (Accept) for example.com...
S0 trackers: 0
S1 trackers: 0
S2 trackers: 0
Mismatch Detected: False
